<?xml version="1.0"?>
<link_info>
   <banner>TI ARM Linker PC v5.1.1</banner>
   <copyright>Copyright (c) 1996-2013 Texas Instruments Incorporated</copyright>
   <link_time>0x5b0268ef</link_time>
   <link_errors>0x0</link_errors>
   <output_file>lab10.out</output_file>
   <entry_point>
      <name>_c_int00</name>
      <address>0x42a9</address>
   </entry_point>
   <input_file_list>
      <input_file id="fl-2">
         <path>.\</path>
         <kind>object</kind>
         <file>ustdlib.obj</file>
         <name>ustdlib.obj</name>
      </input_file>
      <input_file id="fl-3">
         <path>.\</path>
         <kind>object</kind>
         <file>touch.obj</file>
         <name>touch.obj</name>
      </input_file>
      <input_file id="fl-4">
         <path>.\</path>
         <kind>object</kind>
         <file>tm4c123gh6pm_startup_ccs.obj</file>
         <name>tm4c123gh6pm_startup_ccs.obj</name>
      </input_file>
      <input_file id="fl-5">
         <path>.\</path>
         <kind>object</kind>
         <file>images.obj</file>
         <name>images.obj</name>
      </input_file>
      <input_file id="fl-6">
         <path>.\</path>
         <kind>object</kind>
         <file>grlib_demo.obj</file>
         <name>grlib_demo.obj</name>
      </input_file>
      <input_file id="fl-7">
         <path>.\</path>
         <kind>object</kind>
         <file>Kentec320x240x16_ssd2119_8bit.obj</file>
         <name>Kentec320x240x16_ssd2119_8bit.obj</name>
      </input_file>
      <input_file id="fl-d">
         <path>C:\ti\TivaWare_C_Series-2.1.4.178\driverlib\ccs\Debug\</path>
         <kind>archive</kind>
         <file>driverlib.lib</file>
         <name>timer.obj</name>
      </input_file>
      <input_file id="fl-e">
         <path>C:\ti\TivaWare_C_Series-2.1.4.178\driverlib\ccs\Debug\</path>
         <kind>archive</kind>
         <file>driverlib.lib</file>
         <name>sysctl.obj</name>
      </input_file>
      <input_file id="fl-f">
         <path>C:\ti\TivaWare_C_Series-2.1.4.178\driverlib\ccs\Debug\</path>
         <kind>archive</kind>
         <file>driverlib.lib</file>
         <name>interrupt.obj</name>
      </input_file>
      <input_file id="fl-10">
         <path>C:\ti\TivaWare_C_Series-2.1.4.178\driverlib\ccs\Debug\</path>
         <kind>archive</kind>
         <file>driverlib.lib</file>
         <name>gpio.obj</name>
      </input_file>
      <input_file id="fl-11">
         <path>C:\ti\TivaWare_C_Series-2.1.4.178\driverlib\ccs\Debug\</path>
         <kind>archive</kind>
         <file>driverlib.lib</file>
         <name>cpu.obj</name>
      </input_file>
      <input_file id="fl-12">
         <path>C:\ti\TivaWare_C_Series-2.1.4.178\driverlib\ccs\Debug\</path>
         <kind>archive</kind>
         <file>driverlib.lib</file>
         <name>adc.obj</name>
      </input_file>
      <input_file id="fl-13">
         <path>C:\ti\TivaWare_C_Series-2.1.4.178\grlib\ccs\Debug\</path>
         <kind>archive</kind>
         <file>grlib.lib</file>
         <name>fontcm20.obj</name>
      </input_file>
      <input_file id="fl-14">
         <path>C:\ti\TivaWare_C_Series-2.1.4.178\grlib\ccs\Debug\</path>
         <kind>archive</kind>
         <file>grlib.lib</file>
         <name>widget.obj</name>
      </input_file>
      <input_file id="fl-15">
         <path>C:\ti\TivaWare_C_Series-2.1.4.178\grlib\ccs\Debug\</path>
         <kind>archive</kind>
         <file>grlib.lib</file>
         <name>pushbutton.obj</name>
      </input_file>
      <input_file id="fl-16">
         <path>C:\ti\TivaWare_C_Series-2.1.4.178\grlib\ccs\Debug\</path>
         <kind>archive</kind>
         <file>grlib.lib</file>
         <name>image.obj</name>
      </input_file>
      <input_file id="fl-17">
         <path>C:\ti\TivaWare_C_Series-2.1.4.178\grlib\ccs\Debug\</path>
         <kind>archive</kind>
         <file>grlib.lib</file>
         <name>context.obj</name>
      </input_file>
      <input_file id="fl-18">
         <path>C:\ti\TivaWare_C_Series-2.1.4.178\grlib\ccs\Debug\</path>
         <kind>archive</kind>
         <file>grlib.lib</file>
         <name>circle.obj</name>
      </input_file>
      <input_file id="fl-19">
         <path>C:\ti\TivaWare_C_Series-2.1.4.178\grlib\ccs\Debug\</path>
         <kind>archive</kind>
         <file>grlib.lib</file>
         <name>charmap.obj</name>
      </input_file>
      <input_file id="fl-1a">
         <path>C:\ti\TivaWare_C_Series-2.1.4.178\grlib\ccs\Debug\</path>
         <kind>archive</kind>
         <file>grlib.lib</file>
         <name>canvas.obj</name>
      </input_file>
      <input_file id="fl-1b">
         <path>C:\ti\TivaWare_C_Series-2.1.4.178\grlib\ccs\Debug\</path>
         <kind>archive</kind>
         <file>grlib.lib</file>
         <name>string.obj</name>
      </input_file>
      <input_file id="fl-1c">
         <path>C:\ti\TivaWare_C_Series-2.1.4.178\grlib\ccs\Debug\</path>
         <kind>archive</kind>
         <file>grlib.lib</file>
         <name>rectangle.obj</name>
      </input_file>
      <input_file id="fl-1d">
         <path>C:\ti\TivaWare_C_Series-2.1.4.178\grlib\ccs\Debug\</path>
         <kind>archive</kind>
         <file>grlib.lib</file>
         <name>line.obj</name>
      </input_file>
      <input_file id="fl-147">
         <path>C:\ti\ccsv5\tools\compiler\arm_5.1.1\lib\</path>
         <kind>archive</kind>
         <file>rtsv7M4_T_le_v4SPD16_eabi.lib</file>
         <name>boot.obj</name>
      </input_file>
      <input_file id="fl-148">
         <path>C:\ti\ccsv5\tools\compiler\arm_5.1.1\lib\</path>
         <kind>archive</kind>
         <file>rtsv7M4_T_le_v4SPD16_eabi.lib</file>
         <name>copy_decompress_none.obj</name>
      </input_file>
      <input_file id="fl-149">
         <path>C:\ti\ccsv5\tools\compiler\arm_5.1.1\lib\</path>
         <kind>archive</kind>
         <file>rtsv7M4_T_le_v4SPD16_eabi.lib</file>
         <name>copy_decompress_rle.obj</name>
      </input_file>
      <input_file id="fl-14a">
         <path>C:\ti\ccsv5\tools\compiler\arm_5.1.1\lib\</path>
         <kind>archive</kind>
         <file>rtsv7M4_T_le_v4SPD16_eabi.lib</file>
         <name>copy_zero_init.obj</name>
      </input_file>
      <input_file id="fl-14b">
         <path>C:\ti\ccsv5\tools\compiler\arm_5.1.1\lib\</path>
         <kind>archive</kind>
         <file>rtsv7M4_T_le_v4SPD16_eabi.lib</file>
         <name>exit.obj</name>
      </input_file>
      <input_file id="fl-14c">
         <path>C:\ti\ccsv5\tools\compiler\arm_5.1.1\lib\</path>
         <kind>archive</kind>
         <file>rtsv7M4_T_le_v4SPD16_eabi.lib</file>
         <name>memcpy_t2.obj</name>
      </input_file>
      <input_file id="fl-14d">
         <path>C:\ti\ccsv5\tools\compiler\arm_5.1.1\lib\</path>
         <kind>archive</kind>
         <file>rtsv7M4_T_le_v4SPD16_eabi.lib</file>
         <name>rand.obj</name>
      </input_file>
      <input_file id="fl-14e">
         <path>C:\ti\ccsv5\tools\compiler\arm_5.1.1\lib\</path>
         <kind>archive</kind>
         <file>rtsv7M4_T_le_v4SPD16_eabi.lib</file>
         <name>sprintf.obj</name>
      </input_file>
      <input_file id="fl-14f">
         <path>C:\ti\ccsv5\tools\compiler\arm_5.1.1\lib\</path>
         <kind>archive</kind>
         <file>rtsv7M4_T_le_v4SPD16_eabi.lib</file>
         <name>stkdepth_vars.obj</name>
      </input_file>
      <input_file id="fl-150">
         <path>C:\ti\ccsv5\tools\compiler\arm_5.1.1\lib\</path>
         <kind>archive</kind>
         <file>rtsv7M4_T_le_v4SPD16_eabi.lib</file>
         <name>u_divt2.obj</name>
      </input_file>
      <input_file id="fl-151">
         <path>C:\ti\ccsv5\tools\compiler\arm_5.1.1\lib\</path>
         <kind>archive</kind>
         <file>rtsv7M4_T_le_v4SPD16_eabi.lib</file>
         <name>_lock.obj</name>
      </input_file>
      <input_file id="fl-152">
         <path>C:\ti\ccsv5\tools\compiler\arm_5.1.1\lib\</path>
         <kind>archive</kind>
         <file>rtsv7M4_T_le_v4SPD16_eabi.lib</file>
         <name>_printfi.obj</name>
      </input_file>
      <input_file id="fl-153">
         <path>C:\ti\ccsv5\tools\compiler\arm_5.1.1\lib\</path>
         <kind>archive</kind>
         <file>rtsv7M4_T_le_v4SPD16_eabi.lib</file>
         <name>args_main.obj</name>
      </input_file>
      <input_file id="fl-154">
         <path>C:\ti\ccsv5\tools\compiler\arm_5.1.1\lib\</path>
         <kind>archive</kind>
         <file>rtsv7M4_T_le_v4SPD16_eabi.lib</file>
         <name>atoi.obj</name>
      </input_file>
      <input_file id="fl-155">
         <path>C:\ti\ccsv5\tools\compiler\arm_5.1.1\lib\</path>
         <kind>archive</kind>
         <file>rtsv7M4_T_le_v4SPD16_eabi.lib</file>
         <name>auto_init.obj</name>
      </input_file>
      <input_file id="fl-156">
         <path>C:\ti\ccsv5\tools\compiler\arm_5.1.1\lib\</path>
         <kind>archive</kind>
         <file>rtsv7M4_T_le_v4SPD16_eabi.lib</file>
         <name>cpy_tbl.obj</name>
      </input_file>
      <input_file id="fl-157">
         <path>C:\ti\ccsv5\tools\compiler\arm_5.1.1\lib\</path>
         <kind>archive</kind>
         <file>rtsv7M4_T_le_v4SPD16_eabi.lib</file>
         <name>ctype.obj</name>
      </input_file>
      <input_file id="fl-158">
         <path>C:\ti\ccsv5\tools\compiler\arm_5.1.1\lib\</path>
         <kind>archive</kind>
         <file>rtsv7M4_T_le_v4SPD16_eabi.lib</file>
         <name>fd_add_t2.obj</name>
      </input_file>
      <input_file id="fl-159">
         <path>C:\ti\ccsv5\tools\compiler\arm_5.1.1\lib\</path>
         <kind>archive</kind>
         <file>rtsv7M4_T_le_v4SPD16_eabi.lib</file>
         <name>fd_cmp_t2.obj</name>
      </input_file>
      <input_file id="fl-15a">
         <path>C:\ti\ccsv5\tools\compiler\arm_5.1.1\lib\</path>
         <kind>archive</kind>
         <file>rtsv7M4_T_le_v4SPD16_eabi.lib</file>
         <name>fd_div_t2.obj</name>
      </input_file>
      <input_file id="fl-15b">
         <path>C:\ti\ccsv5\tools\compiler\arm_5.1.1\lib\</path>
         <kind>archive</kind>
         <file>rtsv7M4_T_le_v4SPD16_eabi.lib</file>
         <name>fd_mul_t2.obj</name>
      </input_file>
      <input_file id="fl-15c">
         <path>C:\ti\ccsv5\tools\compiler\arm_5.1.1\lib\</path>
         <kind>archive</kind>
         <file>rtsv7M4_T_le_v4SPD16_eabi.lib</file>
         <name>fd_toi_t2.obj</name>
      </input_file>
      <input_file id="fl-15d">
         <path>C:\ti\ccsv5\tools\compiler\arm_5.1.1\lib\</path>
         <kind>archive</kind>
         <file>rtsv7M4_T_le_v4SPD16_eabi.lib</file>
         <name>i_tofd_t2.obj</name>
      </input_file>
      <input_file id="fl-15e">
         <path>C:\ti\ccsv5\tools\compiler\arm_5.1.1\lib\</path>
         <kind>archive</kind>
         <file>rtsv7M4_T_le_v4SPD16_eabi.lib</file>
         <name>ll_mul_t2.obj</name>
      </input_file>
      <input_file id="fl-15f">
         <path>C:\ti\ccsv5\tools\compiler\arm_5.1.1\lib\</path>
         <kind>archive</kind>
         <file>rtsv7M4_T_le_v4SPD16_eabi.lib</file>
         <name>ltoa.obj</name>
      </input_file>
      <input_file id="fl-160">
         <path>C:\ti\ccsv5\tools\compiler\arm_5.1.1\lib\</path>
         <kind>archive</kind>
         <file>rtsv7M4_T_le_v4SPD16_eabi.lib</file>
         <name>memccpy.obj</name>
      </input_file>
      <input_file id="fl-161">
         <path>C:\ti\ccsv5\tools\compiler\arm_5.1.1\lib\</path>
         <kind>archive</kind>
         <file>rtsv7M4_T_le_v4SPD16_eabi.lib</file>
         <name>memset_t2.obj</name>
      </input_file>
      <input_file id="fl-162">
         <path>C:\ti\ccsv5\tools\compiler\arm_5.1.1\lib\</path>
         <kind>archive</kind>
         <file>rtsv7M4_T_le_v4SPD16_eabi.lib</file>
         <name>strlen.obj</name>
      </input_file>
      <input_file id="fl-163">
         <path>C:\ti\ccsv5\tools\compiler\arm_5.1.1\lib\</path>
         <kind>archive</kind>
         <file>rtsv7M4_T_le_v4SPD16_eabi.lib</file>
         <name>ull_div_t2.obj</name>
      </input_file>
      <input_file id="fl-164">
         <path>C:\ti\ccsv5\tools\compiler\arm_5.1.1\lib\</path>
         <kind>archive</kind>
         <file>rtsv7M4_T_le_v4SPD16_eabi.lib</file>
         <name>xdclass.obj</name>
      </input_file>
      <input_file id="fl-165">
         <path>C:\ti\ccsv5\tools\compiler\arm_5.1.1\lib\</path>
         <kind>archive</kind>
         <file>rtsv7M4_T_le_v4SPD16_eabi.lib</file>
         <name>xdtest.obj</name>
      </input_file>
   </input_file_list>
   <object_component_list>
      <object_component id="oc-e">
         <name>.intvecs</name>
         <load_address>0x0</load_address>
         <run_address>0x0</run_address>
         <size>0x26c</size>
         <input_file_ref idref="fl-4"/>
      </object_component>
      <object_component id="oc-194">
         <name>.text</name>
         <load_address>0x26c</load_address>
         <run_address>0x26c</run_address>
         <size>0xe8c</size>
         <input_file_ref idref="fl-152"/>
      </object_component>
      <object_component id="oc-13f">
         <name>.text</name>
         <load_address>0x10f8</load_address>
         <run_address>0x10f8</run_address>
         <size>0x988</size>
         <input_file_ref idref="fl-7"/>
      </object_component>
      <object_component id="oc-29">
         <name>.text</name>
         <load_address>0x1a80</load_address>
         <run_address>0x1a80</run_address>
         <size>0x464</size>
         <input_file_ref idref="fl-3"/>
      </object_component>
      <object_component id="oc-32e">
         <name>.text:InternalImageDraw</name>
         <load_address>0x1ee4</load_address>
         <run_address>0x1ee4</run_address>
         <size>0x38c</size>
         <input_file_ref idref="fl-16"/>
      </object_component>
      <object_component id="oc-369">
         <name>.text:PixelTransparentDraw</name>
         <load_address>0x2270</load_address>
         <run_address>0x2270</run_address>
         <size>0x2ce</size>
         <input_file_ref idref="fl-16"/>
      </object_component>
      <object_component id="oc-353">
         <name>.text:GrFontGlyphRender</name>
         <load_address>0x253e</load_address>
         <run_address>0x253e</run_address>
         <size>0x266</size>
         <input_file_ref idref="fl-1b"/>
      </object_component>
      <object_component id="oc-c3">
         <name>.text</name>
         <load_address>0x27a4</load_address>
         <run_address>0x27a4</run_address>
         <size>0x230</size>
         <input_file_ref idref="fl-6"/>
      </object_component>
      <object_component id="oc-200">
         <name>.text</name>
         <load_address>0x29d4</load_address>
         <run_address>0x29d4</run_address>
         <size>0x1f4</size>
         <input_file_ref idref="fl-163"/>
      </object_component>
      <object_component id="oc-22a">
         <name>.text</name>
         <load_address>0x2bc8</load_address>
         <run_address>0x2bc8</run_address>
         <size>0x1b6</size>
         <input_file_ref idref="fl-158"/>
      </object_component>
      <object_component id="oc-28c">
         <name>.text:CanvasPaint</name>
         <load_address>0x2d7e</load_address>
         <run_address>0x2d7e</run_address>
         <size>0x188</size>
         <input_file_ref idref="fl-1a"/>
      </object_component>
      <object_component id="oc-27a">
         <name>.text:RectangularButtonPaint</name>
         <load_address>0x2f06</load_address>
         <run_address>0x2f06</run_address>
         <size>0x16e</size>
         <input_file_ref idref="fl-15"/>
      </object_component>
      <object_component id="oc-215">
         <name>.text</name>
         <load_address>0x3074</load_address>
         <run_address>0x3074</run_address>
         <size>0x136</size>
         <input_file_ref idref="fl-15a"/>
      </object_component>
      <object_component id="oc-10d">
         <name>.text:GPIOPadConfigSet</name>
         <load_address>0x31aa</load_address>
         <run_address>0x31aa</run_address>
         <size>0x130</size>
         <input_file_ref idref="fl-10"/>
      </object_component>
      <object_component id="oc-99">
         <name>.text:SysCtlClockGet</name>
         <load_address>0x32dc</load_address>
         <run_address>0x32dc</run_address>
         <size>0x118</size>
         <input_file_ref idref="fl-e"/>
      </object_component>
      <object_component id="oc-211">
         <name>.text</name>
         <load_address>0x33f4</load_address>
         <run_address>0x33f4</run_address>
         <size>0xfc</size>
         <input_file_ref idref="fl-15b"/>
      </object_component>
      <object_component id="oc-13a">
         <name>.text:SysCtlClockSet</name>
         <load_address>0x34f0</load_address>
         <run_address>0x34f0</run_address>
         <size>0xf0</size>
         <input_file_ref idref="fl-e"/>
      </object_component>
      <object_component id="oc-130">
         <name>.text:WidgetMessageQueueAdd</name>
         <load_address>0x35e0</load_address>
         <run_address>0x35e0</run_address>
         <size>0xf0</size>
         <input_file_ref idref="fl-14"/>
      </object_component>
      <object_component id="oc-27f">
         <name>.text:RectangularButtonClick</name>
         <load_address>0x36d0</load_address>
         <run_address>0x36d0</run_address>
         <size>0xec</size>
         <input_file_ref idref="fl-15"/>
      </object_component>
      <object_component id="oc-315">
         <name>.text:GrDefaultStringRenderer</name>
         <load_address>0x37bc</load_address>
         <run_address>0x37bc</run_address>
         <size>0xca</size>
         <input_file_ref idref="fl-1b"/>
      </object_component>
      <object_component id="oc-1c4">
         <name>.text:WidgetMessageSendPostOrder</name>
         <load_address>0x3888</load_address>
         <run_address>0x3888</run_address>
         <size>0xb0</size>
         <input_file_ref idref="fl-14"/>
      </object_component>
      <object_component id="oc-42">
         <name>.text</name>
         <load_address>0x3938</load_address>
         <run_address>0x3938</run_address>
         <size>0x9c</size>
         <input_file_ref idref="fl-14c"/>
      </object_component>
      <object_component id="oc-31">
         <name>.text</name>
         <load_address>0x39d4</load_address>
         <run_address>0x39d4</run_address>
         <size>0x94</size>
         <input_file_ref idref="fl-155"/>
      </object_component>
      <object_component id="oc-2c6">
         <name>.text:GrRectFill</name>
         <load_address>0x3a68</load_address>
         <run_address>0x3a68</run_address>
         <size>0x86</size>
         <input_file_ref idref="fl-1c"/>
      </object_component>
      <object_component id="oc-76">
         <name>.text:ADCSequenceStepConfigure</name>
         <load_address>0x3aee</load_address>
         <run_address>0x3aee</run_address>
         <size>0x80</size>
         <input_file_ref idref="fl-12"/>
      </object_component>
      <object_component id="oc-20d">
         <name>.text:__aeabi_cdcmple</name>
         <load_address>0x3b6e</load_address>
         <run_address>0x3b6e</run_address>
         <size>0x7e</size>
         <input_file_ref idref="fl-159"/>
      </object_component>
      <object_component id="oc-219">
         <name>.text:__aeabi_cdrcmple</name>
         <load_address>0x3bec</load_address>
         <run_address>0x3bec</run_address>
         <size>0x7e</size>
         <input_file_ref idref="fl-159"/>
      </object_component>
      <object_component id="oc-22e">
         <name>.text</name>
         <load_address>0x3c6a</load_address>
         <run_address>0x3c6a</run_address>
         <size>0x78</size>
         <input_file_ref idref="fl-161"/>
      </object_component>
      <object_component id="oc-2da">
         <name>.text:GrStringWidthGet</name>
         <load_address>0x3ce2</load_address>
         <run_address>0x3ce2</run_address>
         <size>0x6a</size>
         <input_file_ref idref="fl-1b"/>
      </object_component>
      <object_component id="oc-2cb">
         <name>.text:GrRectDraw</name>
         <load_address>0x3d4c</load_address>
         <run_address>0x3d4c</run_address>
         <size>0x66</size>
         <input_file_ref idref="fl-1c"/>
      </object_component>
      <object_component id="oc-2bc">
         <name>.text:GrContextInit</name>
         <load_address>0x3db4</load_address>
         <run_address>0x3db4</run_address>
         <size>0x64</size>
         <input_file_ref idref="fl-17"/>
      </object_component>
      <object_component id="oc-149">
         <name>.text:WidgetMessageQueueProcess</name>
         <load_address>0x3e18</load_address>
         <run_address>0x3e18</run_address>
         <size>0x64</size>
         <input_file_ref idref="fl-14"/>
      </object_component>
      <object_component id="oc-2c1">
         <name>.text:GrContextClipRegionSet</name>
         <load_address>0x3e7c</load_address>
         <run_address>0x3e7c</run_address>
         <size>0x62</size>
         <input_file_ref idref="fl-17"/>
      </object_component>
      <object_component id="oc-85">
         <name>.text:IntEnable</name>
         <load_address>0x3ee0</load_address>
         <run_address>0x3ee0</run_address>
         <size>0x60</size>
         <input_file_ref idref="fl-f"/>
      </object_component>
      <object_component id="oc-12b">
         <name>.text</name>
         <load_address>0x3f40</load_address>
         <run_address>0x3f40</run_address>
         <size>0x60</size>
         <input_file_ref idref="fl-14e"/>
      </object_component>
      <object_component id="oc-54">
         <name>.text</name>
         <load_address>0x3fa0</load_address>
         <run_address>0x3fa0</run_address>
         <size>0x5e</size>
         <input_file_ref idref="fl-149"/>
      </object_component>
      <object_component id="oc-381">
         <name>.text:FontWideGlyphDataGet</name>
         <load_address>0x3ffe</load_address>
         <run_address>0x3ffe</run_address>
         <size>0x5c</size>
         <input_file_ref idref="fl-1b"/>
      </object_component>
      <object_component id="oc-94">
         <name>.text:TimerConfigure</name>
         <load_address>0x405c</load_address>
         <run_address>0x405c</run_address>
         <size>0x5c</size>
         <input_file_ref idref="fl-d"/>
      </object_component>
      <object_component id="oc-221">
         <name>.text</name>
         <load_address>0x40b8</load_address>
         <run_address>0x40b8</run_address>
         <size>0x5a</size>
         <input_file_ref idref="fl-15f"/>
      </object_component>
      <object_component id="oc-a3">
         <name>.text:TimerControlTrigger</name>
         <load_address>0x4114</load_address>
         <run_address>0x4114</run_address>
         <size>0x58</size>
         <input_file_ref idref="fl-d"/>
      </object_component>
      <object_component id="oc-1bf">
         <name>.text:WidgetMessageSendPreOrder</name>
         <load_address>0x416c</load_address>
         <run_address>0x416c</run_address>
         <size>0x56</size>
         <input_file_ref idref="fl-14"/>
      </object_component>
      <object_component id="oc-23c">
         <name>.text</name>
         <load_address>0x41c4</load_address>
         <run_address>0x41c4</run_address>
         <size>0x4c</size>
         <input_file_ref idref="fl-154"/>
      </object_component>
      <object_component id="oc-135">
         <name>.text</name>
         <load_address>0x4210</load_address>
         <run_address>0x4210</run_address>
         <size>0x4c</size>
         <input_file_ref idref="fl-14d"/>
      </object_component>
      <object_component id="oc-335">
         <name>.text:UpdateContextCharMapping</name>
         <load_address>0x425c</load_address>
         <run_address>0x425c</run_address>
         <size>0x4a</size>
         <input_file_ref idref="fl-1b"/>
      </object_component>
      <object_component id="oc-10">
         <name>.text</name>
         <load_address>0x42a8</load_address>
         <run_address>0x42a8</run_address>
         <size>0x48</size>
         <input_file_ref idref="fl-147"/>
      </object_component>
      <object_component id="oc-21d">
         <name>.text</name>
         <load_address>0x42f0</load_address>
         <run_address>0x42f0</run_address>
         <size>0x48</size>
         <input_file_ref idref="fl-15c"/>
      </object_component>
      <object_component id="oc-323">
         <name>.text:GrLineDrawH</name>
         <load_address>0x4338</load_address>
         <run_address>0x4338</run_address>
         <size>0x46</size>
         <input_file_ref idref="fl-1d"/>
      </object_component>
      <object_component id="oc-328">
         <name>.text:GrLineDrawV</name>
         <load_address>0x437e</load_address>
         <run_address>0x437e</run_address>
         <size>0x46</size>
         <input_file_ref idref="fl-1d"/>
      </object_component>
      <object_component id="oc-bd">
         <name>.text</name>
         <load_address>0x43c4</load_address>
         <run_address>0x43c4</run_address>
         <size>0x44</size>
         <input_file_ref idref="fl-156"/>
      </object_component>
      <object_component id="oc-3a">
         <name>.text</name>
         <load_address>0x4408</load_address>
         <run_address>0x4408</run_address>
         <size>0x44</size>
         <input_file_ref idref="fl-14b"/>
      </object_component>
      <object_component id="oc-2a1">
         <name>.text</name>
         <load_address>0x444c</load_address>
         <run_address>0x444c</run_address>
         <size>0x44</size>
         <input_file_ref idref="fl-165"/>
      </object_component>
      <object_component id="oc-71">
         <name>.text:ADCSequenceConfigure</name>
         <load_address>0x4490</load_address>
         <run_address>0x4490</run_address>
         <size>0x3e</size>
         <input_file_ref idref="fl-12"/>
      </object_component>
      <object_component id="oc-386">
         <name>.text:FontGlyphDataGet</name>
         <load_address>0x44ce</load_address>
         <run_address>0x44ce</run_address>
         <size>0x3a</size>
         <input_file_ref idref="fl-1b"/>
      </object_component>
      <object_component id="oc-67">
         <name>.text:SysCtlPeripheralEnable</name>
         <load_address>0x4508</load_address>
         <run_address>0x4508</run_address>
         <size>0x34</size>
         <input_file_ref idref="fl-e"/>
      </object_component>
      <object_component id="oc-226">
         <name>.text</name>
         <load_address>0x453c</load_address>
         <run_address>0x453c</run_address>
         <size>0x2e</size>
         <input_file_ref idref="fl-15d"/>
      </object_component>
      <object_component id="oc-112">
         <name>.text:GPIODirModeSet</name>
         <load_address>0x456a</load_address>
         <run_address>0x456a</run_address>
         <size>0x2a</size>
         <input_file_ref idref="fl-10"/>
      </object_component>
      <object_component id="oc-2df">
         <name>.text:GrFontBaselineGet</name>
         <load_address>0x4594</load_address>
         <run_address>0x4594</run_address>
         <size>0x2a</size>
         <input_file_ref idref="fl-1b"/>
      </object_component>
      <object_component id="oc-2fb">
         <name>.text:GrFontHeightGet</name>
         <load_address>0x45be</load_address>
         <run_address>0x45be</run_address>
         <size>0x2a</size>
         <input_file_ref idref="fl-1b"/>
      </object_component>
      <object_component id="oc-33c">
         <name>.text:GrStringNextCharGet</name>
         <load_address>0x45e8</load_address>
         <run_address>0x45e8</run_address>
         <size>0x2a</size>
         <input_file_ref idref="fl-1b"/>
      </object_component>
      <object_component id="oc-272">
         <name>.text:WidgetIsInTree</name>
         <load_address>0x4612</load_address>
         <run_address>0x4612</run_address>
         <size>0x2a</size>
         <input_file_ref idref="fl-14"/>
      </object_component>
      <object_component id="oc-346">
         <name>.text:GrFontInfoGet</name>
         <load_address>0x463c</load_address>
         <run_address>0x463c</run_address>
         <size>0x26</size>
         <input_file_ref idref="fl-1b"/>
      </object_component>
      <object_component id="oc-144">
         <name>.text:WidgetAdd</name>
         <load_address>0x4662</load_address>
         <run_address>0x4662</run_address>
         <size>0x24</size>
         <input_file_ref idref="fl-14"/>
      </object_component>
      <object_component id="oc-341">
         <name>.text:GrFontGlyphDataGet</name>
         <load_address>0x4686</load_address>
         <run_address>0x4686</run_address>
         <size>0x22</size>
         <input_file_ref idref="fl-1b"/>
      </object_component>
      <object_component id="oc-1d5">
         <name>.text:RectangularButtonMsgProc</name>
         <load_address>0x46a8</load_address>
         <run_address>0x46a8</run_address>
         <size>0x22</size>
         <input_file_ref idref="fl-15"/>
      </object_component>
      <object_component id="oc-373">
         <name>.text:GrFontCodepageGet</name>
         <load_address>0x46ca</load_address>
         <run_address>0x46ca</run_address>
         <size>0x1e</size>
         <input_file_ref idref="fl-1b"/>
      </object_component>
      <object_component id="oc-15c">
         <name>.text:WidgetPointerMessage</name>
         <load_address>0x46e8</load_address>
         <run_address>0x46e8</run_address>
         <size>0x1c</size>
         <input_file_ref idref="fl-14"/>
      </object_component>
      <object_component id="oc-237">
         <name>.text</name>
         <load_address>0x4704</load_address>
         <run_address>0x4704</run_address>
         <size>0x1c</size>
         <input_file_ref idref="fl-160"/>
      </object_component>
      <object_component id="oc-8a">
         <name>.text:GPIOPinTypeGPIOOutput</name>
         <load_address>0x4720</load_address>
         <run_address>0x4720</run_address>
         <size>0x18</size>
         <input_file_ref idref="fl-10"/>
      </object_component>
      <object_component id="oc-35">
         <name>.text</name>
         <load_address>0x4738</load_address>
         <run_address>0x4738</run_address>
         <size>0x18</size>
         <input_file_ref idref="fl-153"/>
      </object_component>
      <object_component id="oc-204">
         <name>.text</name>
         <load_address>0x4750</load_address>
         <run_address>0x4750</run_address>
         <size>0x18</size>
         <input_file_ref idref="fl-15e"/>
      </object_component>
      <object_component id="oc-1f1">
         <name>.text:CanvasMsgProc</name>
         <load_address>0x4768</load_address>
         <run_address>0x4768</run_address>
         <size>0x14</size>
         <input_file_ref idref="fl-1a"/>
      </object_component>
      <object_component id="oc-1a0">
         <name>.text:WidgetMutexGet</name>
         <load_address>0x477c</load_address>
         <run_address>0x477c</run_address>
         <size>0x14</size>
         <input_file_ref idref="fl-14"/>
      </object_component>
      <object_component id="oc-16c">
         <name>.text</name>
         <load_address>0x4790</load_address>
         <run_address>0x4790</run_address>
         <size>0x14</size>
         <input_file_ref idref="fl-151"/>
      </object_component>
      <object_component id="oc-208">
         <name>.text</name>
         <load_address>0x47a4</load_address>
         <run_address>0x47a4</run_address>
         <size>0x14</size>
         <input_file_ref idref="fl-162"/>
      </object_component>
      <object_component id="oc-6c">
         <name>.text:ADCHardwareOversampleConfigure</name>
         <load_address>0x47b8</load_address>
         <run_address>0x47b8</run_address>
         <size>0x12</size>
         <input_file_ref idref="fl-12"/>
      </object_component>
      <object_component id="oc-2e4">
         <name>.text:GrStringDraw</name>
         <load_address>0x47ca</load_address>
         <run_address>0x47ca</run_address>
         <size>0x12</size>
         <input_file_ref idref="fl-1b"/>
      </object_component>
      <object_component id="oc-9e">
         <name>.text:TimerLoadSet</name>
         <load_address>0x47dc</load_address>
         <run_address>0x47dc</run_address>
         <size>0x12</size>
         <input_file_ref idref="fl-d"/>
      </object_component>
      <object_component id="oc-19">
         <name>.text:decompress:ZI</name>
         <load_address>0x47ee</load_address>
         <run_address>0x47ee</run_address>
         <size>0x12</size>
         <input_file_ref idref="fl-14a"/>
      </object_component>
      <object_component id="oc-232">
         <name>.text</name>
         <load_address>0x4800</load_address>
         <run_address>0x4800</run_address>
         <size>0x12</size>
         <input_file_ref idref="fl-164"/>
      </object_component>
      <object_component id="oc-80">
         <name>.text:ADCIntEnable</name>
         <load_address>0x4812</load_address>
         <run_address>0x4812</run_address>
         <size>0x10</size>
         <input_file_ref idref="fl-12"/>
      </object_component>
      <object_component id="oc-7b">
         <name>.text:ADCSequenceEnable</name>
         <load_address>0x4822</load_address>
         <run_address>0x4822</run_address>
         <size>0xe</size>
         <input_file_ref idref="fl-12"/>
      </object_component>
      <object_component id="oc-2d0">
         <name>.text:GrImageDraw</name>
         <load_address>0x4830</load_address>
         <run_address>0x4830</run_address>
         <size>0xe</size>
         <input_file_ref idref="fl-16"/>
      </object_component>
      <object_component id="oc-a8">
         <name>.text:TimerEnable</name>
         <load_address>0x483e</load_address>
         <run_address>0x483e</run_address>
         <size>0xe</size>
         <input_file_ref idref="fl-d"/>
      </object_component>
      <object_component id="oc-14">
         <name>.text:decompress:none</name>
         <load_address>0x484c</load_address>
         <run_address>0x484c</run_address>
         <size>0xe</size>
         <input_file_ref idref="fl-148"/>
      </object_component>
      <object_component id="oc-24">
         <name>.text</name>
         <load_address>0x485a</load_address>
         <run_address>0x485a</run_address>
         <size>0xc</size>
         <input_file_ref idref="fl-4"/>
      </object_component>
      <object_component id="oc-359">
         <name>.text:GrMapISO8859_1_Unicode</name>
         <load_address>0x4866</load_address>
         <run_address>0x4866</run_address>
         <size>0x8</size>
         <input_file_ref idref="fl-19"/>
      </object_component>
      <object_component id="oc-8f">
         <name>.text:GPIOPinWrite</name>
         <load_address>0x486e</load_address>
         <run_address>0x486e</run_address>
         <size>0x6</size>
         <input_file_ref idref="fl-10"/>
      </object_component>
      <object_component id="oc-2d5">
         <name>.text:GrContextFontSet</name>
         <load_address>0x4874</load_address>
         <run_address>0x4874</run_address>
         <size>0x6</size>
         <input_file_ref idref="fl-1b"/>
      </object_component>
      <object_component id="oc-1b8">
         <name>.text:SysCtlDelay</name>
         <load_address>0x487a</load_address>
         <run_address>0x487a</run_address>
         <size>0x6</size>
         <input_file_ref idref="fl-e"/>
      </object_component>
      <object_component id="oc-1a1">
         <name>.text:WidgetMutexPut</name>
         <load_address>0x4880</load_address>
         <run_address>0x4880</run_address>
         <size>0x6</size>
         <input_file_ref idref="fl-14"/>
      </object_component>
      <object_component id="oc-1e">
         <name>.text:decompress:rle24</name>
         <load_address>0x4886</load_address>
         <run_address>0x4886</run_address>
         <size>0x6</size>
         <input_file_ref idref="fl-149"/>
      </object_component>
      <object_component id="oc-1df">
         <name>.text:WidgetDefaultMsgProc</name>
         <load_address>0x488c</load_address>
         <run_address>0x488c</run_address>
         <size>0x4</size>
         <input_file_ref idref="fl-14"/>
      </object_component>
      <object_component id="oc-286">
         <name>.const:.string:g_pui8Cm20Data</name>
         <load_address>0x4890</load_address>
         <run_address>0x4890</run_address>
         <size>0x95e</size>
         <input_file_ref idref="fl-13"/>
      </object_component>
      <object_component id="oc-2a9">
         <name>.const:.string:_ctypes_</name>
         <load_address>0x51ee</load_address>
         <run_address>0x51ee</run_address>
         <size>0x102</size>
         <input_file_ref idref="fl-157"/>
      </object_component>
      <object_component id="oc-1da">
         <name>.const:g_sFontCm20</name>
         <load_address>0x52f0</load_address>
         <run_address>0x52f0</run_address>
         <size>0xc8</size>
         <input_file_ref idref="fl-13"/>
      </object_component>
      <object_component id="oc-109">
         <name>.const</name>
         <load_address>0x53b8</load_address>
         <run_address>0x53b8</run_address>
         <size>0x70</size>
         <input_file_ref idref="fl-f"/>
      </object_component>
      <object_component id="oc-11c">
         <name>.const:g_pui32Xtals</name>
         <load_address>0x5428</load_address>
         <run_address>0x5428</run_address>
         <size>0x6c</size>
         <input_file_ref idref="fl-e"/>
      </object_component>
      <object_component id="oc-b1">
         <name>.const:g_lTouchParameters</name>
         <load_address>0x5494</load_address>
         <run_address>0x5494</run_address>
         <size>0x38</size>
         <input_file_ref idref="fl-3"/>
      </object_component>
      <object_component id="oc-1d3">
         <name>.const:g_sKentec320x240x16_SSD2119</name>
         <load_address>0x54cc</load_address>
         <run_address>0x54cc</run_address>
         <size>0x28</size>
         <input_file_ref idref="fl-7"/>
      </object_component>
      <object_component id="oc-1eb">
         <name>.const:.string</name>
         <load_address>0x54f4</load_address>
         <run_address>0x54f4</run_address>
         <size>0x20</size>
         <input_file_ref idref="fl-6"/>
      </object_component>
      <object_component id="oc-31a">
         <name>.const</name>
         <load_address>0x5514</load_address>
         <run_address>0x5514</run_address>
         <size>0x10</size>
         <input_file_ref idref="fl-17"/>
      </object_component>
      <object_component id="oc-3b6">
         <name>.cinit..data.load</name>
         <load_address>0x5528</load_address>
         <run_address>0x5528</run_address>
         <size>0x101</size>
      </object_component>
      <object_component id="oc-3b4">
         <name>__TI_handler_table</name>
         <load_address>0x562c</load_address>
         <run_address>0x562c</run_address>
         <size>0xc</size>
      </object_component>
      <object_component id="oc-3b7">
         <name>.cinit..bss.load</name>
         <load_address>0x5638</load_address>
         <run_address>0x5638</run_address>
         <size>0x8</size>
      </object_component>
      <object_component id="oc-3b5">
         <name>__TI_cinit_table</name>
         <load_address>0x5640</load_address>
         <run_address>0x5640</run_address>
         <size>0x10</size>
      </object_component>
      <object_component id="oc-3f">
         <name>.data</name>
         <load_address>0x20000738</load_address>
         <run_address>0x20000738</run_address>
         <size>0x4</size>
         <input_file_ref idref="fl-14f"/>
      </object_component>
      <object_component id="oc-65">
         <name>.data</name>
         <load_address>0x2000073c</load_address>
         <run_address>0x2000073c</run_address>
         <size>0x4</size>
         <input_file_ref idref="fl-3"/>
      </object_component>
      <object_component id="oc-cf">
         <name>.data</name>
         <load_address>0x20000724</load_address>
         <run_address>0x20000724</run_address>
         <size>0x8</size>
         <input_file_ref idref="fl-151"/>
      </object_component>
      <object_component id="oc-d1">
         <name>.data</name>
         <load_address>0x2000072c</load_address>
         <run_address>0x2000072c</run_address>
         <size>0x8</size>
         <input_file_ref idref="fl-14b"/>
      </object_component>
      <object_component id="oc-150">
         <name>.data</name>
         <load_address>0x20000704</load_address>
         <run_address>0x20000704</run_address>
         <size>0x18</size>
         <input_file_ref idref="fl-6"/>
      </object_component>
      <object_component id="oc-154">
         <name>.data:g_scurrNum</name>
         <load_address>0x20000644</load_address>
         <run_address>0x20000644</run_address>
         <size>0x50</size>
         <input_file_ref idref="fl-6"/>
      </object_component>
      <object_component id="oc-156">
         <name>.data</name>
         <load_address>0x200006d4</load_address>
         <run_address>0x200006d4</run_address>
         <size>0x2d</size>
         <input_file_ref idref="fl-14"/>
      </object_component>
      <object_component id="oc-158">
         <name>.data:g_sHigh</name>
         <load_address>0x200005a4</load_address>
         <run_address>0x200005a4</run_address>
         <size>0x50</size>
         <input_file_ref idref="fl-6"/>
      </object_component>
      <object_component id="oc-15a">
         <name>.data:g_sLow</name>
         <load_address>0x200005f4</load_address>
         <run_address>0x200005f4</run_address>
         <size>0x50</size>
         <input_file_ref idref="fl-6"/>
      </object_component>
      <object_component id="oc-162">
         <name>.data:g_sTitle</name>
         <load_address>0x20000694</load_address>
         <run_address>0x20000694</run_address>
         <size>0x40</size>
         <input_file_ref idref="fl-6"/>
      </object_component>
      <object_component id="oc-1b4">
         <name>.data</name>
         <load_address>0x20000734</load_address>
         <run_address>0x20000734</run_address>
         <size>0x4</size>
         <input_file_ref idref="fl-14d"/>
      </object_component>
      <object_component id="oc-1ba">
         <name>.data</name>
         <load_address>0x2000071c</load_address>
         <run_address>0x2000071c</run_address>
         <size>0x8</size>
         <input_file_ref idref="fl-7"/>
      </object_component>
      <object_component id="oc-1a6">
         <name>.bss:g_psMQ</name>
         <uninitialized>true</uninitialized>
         <run_address>0x20000400</run_address>
         <size>0x140</size>
         <input_file_ref idref="fl-14"/>
      </object_component>
      <object_component id="oc-31c">
         <name>.bss</name>
         <uninitialized>true</uninitialized>
         <run_address>0x20000588</run_address>
         <size>0x4</size>
         <input_file_ref idref="fl-17"/>
      </object_component>
      <object_component id="oc-36e">
         <name>.bss</name>
         <uninitialized>true</uninitialized>
         <run_address>0x20000540</run_address>
         <size>0x20</size>
         <input_file_ref idref="fl-16"/>
      </object_component>
      <object_component id="oc-b0">
         <name>.common:g_ulTSState</name>
         <uninitialized>true</uninitialized>
         <run_address>0x2000059c</run_address>
         <size>0x4</size>
      </object_component>
      <object_component id="oc-b4">
         <name>.common:g_pfnTSHandler</name>
         <uninitialized>true</uninitialized>
         <run_address>0x20000594</run_address>
         <size>0x4</size>
      </object_component>
      <object_component id="oc-af">
         <name>.common:g_psSamples</name>
         <uninitialized>true</uninitialized>
         <run_address>0x20000560</run_address>
         <size>0x10</size>
      </object_component>
      <object_component id="oc-b3">
         <name>.common:g_plParmSet</name>
         <uninitialized>true</uninitialized>
         <run_address>0x20000598</run_address>
         <size>0x4</size>
      </object_component>
      <object_component id="oc-61">
         <name>.common:g_sTouchX</name>
         <uninitialized>true</uninitialized>
         <run_address>0x200005a0</run_address>
         <size>0x2</size>
      </object_component>
      <object_component id="oc-63">
         <name>.common:g_sTouchY</name>
         <uninitialized>true</uninitialized>
         <run_address>0x200005a2</run_address>
         <size>0x2</size>
      </object_component>
      <object_component id="oc-14e">
         <name>.common:currNum</name>
         <uninitialized>true</uninitialized>
         <run_address>0x20000590</run_address>
         <size>0x4</size>
      </object_component>
      <object_component id="oc-152">
         <name>.common:counter</name>
         <uninitialized>true</uninitialized>
         <run_address>0x2000058c</run_address>
         <size>0x4</size>
      </object_component>
      <object_component id="oc-1dc">
         <name>.common:strCurrNum</name>
         <uninitialized>true</uninitialized>
         <run_address>0x20000570</run_address>
         <size>0xc</size>
      </object_component>
      <object_component id="oc-153">
         <name>.common:strNextNum</name>
         <uninitialized>true</uninitialized>
         <run_address>0x2000057c</run_address>
         <size>0xc</size>
      </object_component>
      <object_component id="oc-23">
         <name>.stack</name>
         <uninitialized>true</uninitialized>
         <run_address>0x20000000</run_address>
         <size>0x0</size>
         <input_file_ref idref="fl-147"/>
      </object_component>
      <object_component id="oc-3b8">
         <name>.stack</name>
         <uninitialized>true</uninitialized>
         <run_address>0x20000000</run_address>
         <size>0x0</size>
      </object_component>
      <object_component id="oc-f">
         <name>.debug_info</name>
         <load_address>0x0</load_address>
         <run_address>0x0</run_address>
         <size>0xea</size>
         <input_file_ref idref="fl-4"/>
      </object_component>
      <object_component id="oc-12">
         <name>.debug_info</name>
         <load_address>0xea</load_address>
         <run_address>0xea</run_address>
         <size>0xf3</size>
         <input_file_ref idref="fl-147"/>
      </object_component>
      <object_component id="oc-16">
         <name>.debug_info</name>
         <load_address>0x1dd</load_address>
         <run_address>0x1dd</run_address>
         <size>0x194</size>
         <input_file_ref idref="fl-148"/>
      </object_component>
      <object_component id="oc-1a">
         <name>.debug_info</name>
         <load_address>0x371</load_address>
         <run_address>0x371</run_address>
         <size>0x16a</size>
         <input_file_ref idref="fl-14a"/>
      </object_component>
      <object_component id="oc-1f">
         <name>.debug_info</name>
         <load_address>0x4db</load_address>
         <run_address>0x4db</run_address>
         <size>0x18e</size>
         <input_file_ref idref="fl-149"/>
      </object_component>
      <object_component id="oc-25">
         <name>.debug_info</name>
         <load_address>0x669</load_address>
         <run_address>0x669</run_address>
         <size>0x266</size>
         <input_file_ref idref="fl-4"/>
      </object_component>
      <object_component id="oc-2b">
         <name>.debug_info</name>
         <load_address>0x8cf</load_address>
         <run_address>0x8cf</run_address>
         <size>0x4a5</size>
         <input_file_ref idref="fl-3"/>
      </object_component>
      <object_component id="oc-30">
         <name>.debug_info</name>
         <load_address>0xd74</load_address>
         <run_address>0xd74</run_address>
         <size>0x131</size>
         <input_file_ref idref="fl-4"/>
      </object_component>
      <object_component id="oc-32">
         <name>.debug_info</name>
         <load_address>0xea5</load_address>
         <run_address>0xea5</run_address>
         <size>0x13d</size>
         <input_file_ref idref="fl-155"/>
      </object_component>
      <object_component id="oc-36">
         <name>.debug_info</name>
         <load_address>0xfe2</load_address>
         <run_address>0xfe2</run_address>
         <size>0x11c</size>
         <input_file_ref idref="fl-153"/>
      </object_component>
      <object_component id="oc-3b">
         <name>.debug_info</name>
         <load_address>0x10fe</load_address>
         <run_address>0x10fe</run_address>
         <size>0x1c2</size>
         <input_file_ref idref="fl-14b"/>
      </object_component>
      <object_component id="oc-40">
         <name>.debug_info</name>
         <load_address>0x12c0</load_address>
         <run_address>0x12c0</run_address>
         <size>0xbe</size>
         <input_file_ref idref="fl-14f"/>
      </object_component>
      <object_component id="oc-43">
         <name>.debug_info</name>
         <load_address>0x137e</load_address>
         <run_address>0x137e</run_address>
         <size>0xcc</size>
         <input_file_ref idref="fl-14c"/>
      </object_component>
      <object_component id="oc-47">
         <name>.debug_info</name>
         <load_address>0x144a</load_address>
         <run_address>0x144a</run_address>
         <size>0x46</size>
         <input_file_ref idref="fl-148"/>
      </object_component>
      <object_component id="oc-4c">
         <name>.debug_info</name>
         <load_address>0x1490</load_address>
         <run_address>0x1490</run_address>
         <size>0xf2</size>
         <input_file_ref idref="fl-148"/>
      </object_component>
      <object_component id="oc-4e">
         <name>.debug_info</name>
         <load_address>0x1582</load_address>
         <run_address>0x1582</run_address>
         <size>0x46</size>
         <input_file_ref idref="fl-14a"/>
      </object_component>
      <object_component id="oc-53">
         <name>.debug_info</name>
         <load_address>0x15c8</load_address>
         <run_address>0x15c8</run_address>
         <size>0xad</size>
         <input_file_ref idref="fl-14a"/>
      </object_component>
      <object_component id="oc-55">
         <name>.debug_info</name>
         <load_address>0x1675</load_address>
         <run_address>0x1675</run_address>
         <size>0x1ef</size>
         <input_file_ref idref="fl-149"/>
      </object_component>
      <object_component id="oc-5a">
         <name>.debug_info</name>
         <load_address>0x1864</load_address>
         <run_address>0x1864</run_address>
         <size>0xb7</size>
         <input_file_ref idref="fl-149"/>
      </object_component>
      <object_component id="oc-5b">
         <name>.debug_info</name>
         <load_address>0x191b</load_address>
         <run_address>0x191b</run_address>
         <size>0x39</size>
         <input_file_ref idref="fl-149"/>
      </object_component>
      <object_component id="oc-62">
         <name>.debug_info</name>
         <load_address>0x1954</load_address>
         <run_address>0x1954</run_address>
         <size>0x76f</size>
         <input_file_ref idref="fl-3"/>
      </object_component>
      <object_component id="oc-66">
         <name>.debug_info</name>
         <load_address>0x20c3</load_address>
         <run_address>0x20c3</run_address>
         <size>0x116</size>
         <input_file_ref idref="fl-3"/>
      </object_component>
      <object_component id="oc-69">
         <name>.debug_info</name>
         <load_address>0x21d9</load_address>
         <run_address>0x21d9</run_address>
         <size>0x1e1</size>
         <input_file_ref idref="fl-e"/>
      </object_component>
      <object_component id="oc-6e">
         <name>.debug_info</name>
         <load_address>0x23ba</load_address>
         <run_address>0x23ba</run_address>
         <size>0x2b4</size>
         <input_file_ref idref="fl-12"/>
      </object_component>
      <object_component id="oc-73">
         <name>.debug_info</name>
         <load_address>0x266e</load_address>
         <run_address>0x266e</run_address>
         <size>0x28a</size>
         <input_file_ref idref="fl-12"/>
      </object_component>
      <object_component id="oc-78">
         <name>.debug_info</name>
         <load_address>0x28f8</load_address>
         <run_address>0x28f8</run_address>
         <size>0x297</size>
         <input_file_ref idref="fl-12"/>
      </object_component>
      <object_component id="oc-7d">
         <name>.debug_info</name>
         <load_address>0x2b8f</load_address>
         <run_address>0x2b8f</run_address>
         <size>0x204</size>
         <input_file_ref idref="fl-12"/>
      </object_component>
      <object_component id="oc-82">
         <name>.debug_info</name>
         <load_address>0x2d93</load_address>
         <run_address>0x2d93</run_address>
         <size>0x1fa</size>
         <input_file_ref idref="fl-12"/>
      </object_component>
      <object_component id="oc-86">
         <name>.debug_info</name>
         <load_address>0x2f8d</load_address>
         <run_address>0x2f8d</run_address>
         <size>0x1cc</size>
         <input_file_ref idref="fl-f"/>
      </object_component>
      <object_component id="oc-8c">
         <name>.debug_info</name>
         <load_address>0x3159</load_address>
         <run_address>0x3159</run_address>
         <size>0x1eb</size>
         <input_file_ref idref="fl-10"/>
      </object_component>
      <object_component id="oc-90">
         <name>.debug_info</name>
         <load_address>0x3344</load_address>
         <run_address>0x3344</run_address>
         <size>0x207</size>
         <input_file_ref idref="fl-10"/>
      </object_component>
      <object_component id="oc-98">
         <name>.debug_info</name>
         <load_address>0x354b</load_address>
         <run_address>0x354b</run_address>
         <size>0x1f0</size>
         <input_file_ref idref="fl-d"/>
      </object_component>
      <object_component id="oc-9b">
         <name>.debug_info</name>
         <load_address>0x373b</load_address>
         <run_address>0x373b</run_address>
         <size>0x219</size>
         <input_file_ref idref="fl-e"/>
      </object_component>
      <object_component id="oc-a2">
         <name>.debug_info</name>
         <load_address>0x3954</load_address>
         <run_address>0x3954</run_address>
         <size>0x21e</size>
         <input_file_ref idref="fl-d"/>
      </object_component>
      <object_component id="oc-a7">
         <name>.debug_info</name>
         <load_address>0x3b72</load_address>
         <run_address>0x3b72</run_address>
         <size>0x23b</size>
         <input_file_ref idref="fl-d"/>
      </object_component>
      <object_component id="oc-ac">
         <name>.debug_info</name>
         <load_address>0x3dad</load_address>
         <run_address>0x3dad</run_address>
         <size>0x1e3</size>
         <input_file_ref idref="fl-d"/>
      </object_component>
      <object_component id="oc-b2">
         <name>.debug_info</name>
         <load_address>0x3f90</load_address>
         <run_address>0x3f90</run_address>
         <size>0xe3</size>
         <input_file_ref idref="fl-3"/>
      </object_component>
      <object_component id="oc-b6">
         <name>.debug_info</name>
         <load_address>0x4073</load_address>
         <run_address>0x4073</run_address>
         <size>0x18b</size>
         <input_file_ref idref="fl-2"/>
      </object_component>
      <object_component id="oc-bf">
         <name>.debug_info</name>
         <load_address>0x41fe</load_address>
         <run_address>0x41fe</run_address>
         <size>0x14b</size>
         <input_file_ref idref="fl-156"/>
      </object_component>
      <object_component id="oc-c4">
         <name>.debug_info</name>
         <load_address>0x4349</load_address>
         <run_address>0x4349</run_address>
         <size>0x545</size>
         <input_file_ref idref="fl-6"/>
      </object_component>
      <object_component id="oc-c9">
         <name>.debug_info</name>
         <load_address>0x488e</load_address>
         <run_address>0x488e</run_address>
         <size>0x84</size>
         <input_file_ref idref="fl-2"/>
      </object_component>
      <object_component id="oc-ce">
         <name>.debug_info</name>
         <load_address>0x4912</load_address>
         <run_address>0x4912</run_address>
         <size>0x11b</size>
         <input_file_ref idref="fl-153"/>
      </object_component>
      <object_component id="oc-d0">
         <name>.debug_info</name>
         <load_address>0x4a2d</load_address>
         <run_address>0x4a2d</run_address>
         <size>0xc8</size>
         <input_file_ref idref="fl-151"/>
      </object_component>
      <object_component id="oc-d2">
         <name>.debug_info</name>
         <load_address>0x4af5</load_address>
         <run_address>0x4af5</run_address>
         <size>0xeb</size>
         <input_file_ref idref="fl-14b"/>
      </object_component>
      <object_component id="oc-d4">
         <name>.debug_info</name>
         <load_address>0x4be0</load_address>
         <run_address>0x4be0</run_address>
         <size>0x146</size>
         <input_file_ref idref="fl-14b"/>
      </object_component>
      <object_component id="oc-d8">
         <name>.debug_info</name>
         <load_address>0x4d26</load_address>
         <run_address>0x4d26</run_address>
         <size>0x2c</size>
         <input_file_ref idref="fl-148"/>
      </object_component>
      <object_component id="oc-df">
         <name>.debug_info</name>
         <load_address>0x4d52</load_address>
         <run_address>0x4d52</run_address>
         <size>0x2c</size>
         <input_file_ref idref="fl-14a"/>
      </object_component>
      <object_component id="oc-eb">
         <name>.debug_info</name>
         <load_address>0x4d7e</load_address>
         <run_address>0x4d7e</run_address>
         <size>0x6bd</size>
         <input_file_ref idref="fl-3"/>
      </object_component>
      <object_component id="oc-f0">
         <name>.debug_info</name>
         <load_address>0x543b</load_address>
         <run_address>0x543b</run_address>
         <size>0xc6</size>
         <input_file_ref idref="fl-3"/>
      </object_component>
      <object_component id="oc-f5">
         <name>.debug_info</name>
         <load_address>0x5501</load_address>
         <run_address>0x5501</run_address>
         <size>0x2c</size>
         <input_file_ref idref="fl-3"/>
      </object_component>
      <object_component id="oc-fd">
         <name>.debug_info</name>
         <load_address>0x552d</load_address>
         <run_address>0x552d</run_address>
         <size>0x18b</size>
         <input_file_ref idref="fl-d"/>
      </object_component>
      <object_component id="oc-102">
         <name>.debug_info</name>
         <load_address>0x56b8</load_address>
         <run_address>0x56b8</run_address>
         <size>0x226</size>
         <input_file_ref idref="fl-e"/>
      </object_component>
      <object_component id="oc-104">
         <name>.debug_info</name>
         <load_address>0x58de</load_address>
         <run_address>0x58de</run_address>
         <size>0x1a8</size>
         <input_file_ref idref="fl-12"/>
      </object_component>
      <object_component id="oc-10a">
         <name>.debug_info</name>
         <load_address>0x5a86</load_address>
         <run_address>0x5a86</run_address>
         <size>0x1c2</size>
         <input_file_ref idref="fl-f"/>
      </object_component>
      <object_component id="oc-10c">
         <name>.debug_info</name>
         <load_address>0x5c48</load_address>
         <run_address>0x5c48</run_address>
         <size>0x1ba</size>
         <input_file_ref idref="fl-f"/>
      </object_component>
      <object_component id="oc-10e">
         <name>.debug_info</name>
         <load_address>0x5e02</load_address>
         <run_address>0x5e02</run_address>
         <size>0x312</size>
         <input_file_ref idref="fl-10"/>
      </object_component>
      <object_component id="oc-113">
         <name>.debug_info</name>
         <load_address>0x6114</load_address>
         <run_address>0x6114</run_address>
         <size>0x217</size>
         <input_file_ref idref="fl-10"/>
      </object_component>
      <object_component id="oc-119">
         <name>.debug_info</name>
         <load_address>0x632b</load_address>
         <run_address>0x632b</run_address>
         <size>0x1d7</size>
         <input_file_ref idref="fl-10"/>
      </object_component>
      <object_component id="oc-11b">
         <name>.debug_info</name>
         <load_address>0x6502</load_address>
         <run_address>0x6502</run_address>
         <size>0x1cf</size>
         <input_file_ref idref="fl-d"/>
      </object_component>
      <object_component id="oc-11d">
         <name>.debug_info</name>
         <load_address>0x66d1</load_address>
         <run_address>0x66d1</run_address>
         <size>0xff</size>
         <input_file_ref idref="fl-e"/>
      </object_component>
      <object_component id="oc-121">
         <name>.debug_info</name>
         <load_address>0x67d0</load_address>
         <run_address>0x67d0</run_address>
         <size>0x90</size>
         <input_file_ref idref="fl-d"/>
      </object_component>
      <object_component id="oc-12a">
         <name>.debug_info</name>
         <load_address>0x6860</load_address>
         <run_address>0x6860</run_address>
         <size>0x148</size>
         <input_file_ref idref="fl-156"/>
      </object_component>
      <object_component id="oc-12c">
         <name>.debug_info</name>
         <load_address>0x69a8</load_address>
         <run_address>0x69a8</run_address>
         <size>0x2b5</size>
         <input_file_ref idref="fl-14e"/>
      </object_component>
      <object_component id="oc-132">
         <name>.debug_info</name>
         <load_address>0x6c5d</load_address>
         <run_address>0x6c5d</run_address>
         <size>0x32a</size>
         <input_file_ref idref="fl-14"/>
      </object_component>
      <object_component id="oc-136">
         <name>.debug_info</name>
         <load_address>0x6f87</load_address>
         <run_address>0x6f87</run_address>
         <size>0x159</size>
         <input_file_ref idref="fl-14d"/>
      </object_component>
      <object_component id="oc-13c">
         <name>.debug_info</name>
         <load_address>0x70e0</load_address>
         <run_address>0x70e0</run_address>
         <size>0x363</size>
         <input_file_ref idref="fl-e"/>
      </object_component>
      <object_component id="oc-142">
         <name>.debug_info</name>
         <load_address>0x7443</load_address>
         <run_address>0x7443</run_address>
         <size>0x1353</size>
         <input_file_ref idref="fl-7"/>
      </object_component>
      <object_component id="oc-145">
         <name>.debug_info</name>
         <load_address>0x8796</load_address>
         <run_address>0x8796</run_address>
         <size>0x287</size>
         <input_file_ref idref="fl-14"/>
      </object_component>
      <object_component id="oc-14a">
         <name>.debug_info</name>
         <load_address>0x8a1d</load_address>
         <run_address>0x8a1d</run_address>
         <size>0x2fb</size>
         <input_file_ref idref="fl-14"/>
      </object_component>
      <object_component id="oc-14f">
         <name>.debug_info</name>
         <load_address>0x8d18</load_address>
         <run_address>0x8d18</run_address>
         <size>0x87e</size>
         <input_file_ref idref="fl-6"/>
      </object_component>
      <object_component id="oc-151">
         <name>.debug_info</name>
         <load_address>0x9596</load_address>
         <run_address>0x9596</run_address>
         <size>0xf9</size>
         <input_file_ref idref="fl-6"/>
      </object_component>
      <object_component id="oc-155">
         <name>.debug_info</name>
         <load_address>0x968f</load_address>
         <run_address>0x968f</run_address>
         <size>0xd8</size>
         <input_file_ref idref="fl-6"/>
      </object_component>
      <object_component id="oc-157">
         <name>.debug_info</name>
         <load_address>0x9767</load_address>
         <run_address>0x9767</run_address>
         <size>0x19a</size>
         <input_file_ref idref="fl-14"/>
      </object_component>
      <object_component id="oc-159">
         <name>.debug_info</name>
         <load_address>0x9901</load_address>
         <run_address>0x9901</run_address>
         <size>0xd2</size>
         <input_file_ref idref="fl-6"/>
      </object_component>
      <object_component id="oc-15b">
         <name>.debug_info</name>
         <load_address>0x99d3</load_address>
         <run_address>0x99d3</run_address>
         <size>0xd0</size>
         <input_file_ref idref="fl-6"/>
      </object_component>
      <object_component id="oc-15e">
         <name>.debug_info</name>
         <load_address>0x9aa3</load_address>
         <run_address>0x9aa3</run_address>
         <size>0x1e4</size>
         <input_file_ref idref="fl-14"/>
      </object_component>
      <object_component id="oc-163">
         <name>.debug_info</name>
         <load_address>0x9c87</load_address>
         <run_address>0x9c87</run_address>
         <size>0xd4</size>
         <input_file_ref idref="fl-6"/>
      </object_component>
      <object_component id="oc-167">
         <name>.debug_info</name>
         <load_address>0x9d5b</load_address>
         <run_address>0x9d5b</run_address>
         <size>0x5e</size>
         <input_file_ref idref="fl-153"/>
      </object_component>
      <object_component id="oc-16e">
         <name>.debug_info</name>
         <load_address>0x9db9</load_address>
         <run_address>0x9db9</run_address>
         <size>0x1d4</size>
         <input_file_ref idref="fl-151"/>
      </object_component>
      <object_component id="oc-173">
         <name>.debug_info</name>
         <load_address>0x9f8d</load_address>
         <run_address>0x9f8d</run_address>
         <size>0xd9</size>
         <input_file_ref idref="fl-151"/>
      </object_component>
      <object_component id="oc-17a">
         <name>.debug_info</name>
         <load_address>0xa066</load_address>
         <run_address>0xa066</run_address>
         <size>0x5f</size>
         <input_file_ref idref="fl-e"/>
      </object_component>
      <object_component id="oc-18f">
         <name>.debug_info</name>
         <load_address>0xa0c5</load_address>
         <run_address>0xa0c5</run_address>
         <size>0xcd</size>
         <input_file_ref idref="fl-156"/>
      </object_component>
      <object_component id="oc-195">
         <name>.debug_info</name>
         <load_address>0xa192</load_address>
         <run_address>0xa192</run_address>
         <size>0x12a0</size>
         <input_file_ref idref="fl-152"/>
      </object_component>
      <object_component id="oc-19a">
         <name>.debug_info</name>
         <load_address>0xb432</load_address>
         <run_address>0xb432</run_address>
         <size>0x170</size>
         <input_file_ref idref="fl-14e"/>
      </object_component>
      <object_component id="oc-19b">
         <name>.debug_info</name>
         <load_address>0xb5a2</load_address>
         <run_address>0xb5a2</run_address>
         <size>0x4e</size>
         <input_file_ref idref="fl-2"/>
      </object_component>
      <object_component id="oc-1a2">
         <name>.debug_info</name>
         <load_address>0xb5f0</load_address>
         <run_address>0xb5f0</run_address>
         <size>0x1a9</size>
         <input_file_ref idref="fl-14"/>
      </object_component>
      <object_component id="oc-1a7">
         <name>.debug_info</name>
         <load_address>0xb799</load_address>
         <run_address>0xb799</run_address>
         <size>0xeb</size>
         <input_file_ref idref="fl-14"/>
      </object_component>
      <object_component id="oc-1a9">
         <name>.debug_info</name>
         <load_address>0xb884</load_address>
         <run_address>0xb884</run_address>
         <size>0x18b</size>
         <input_file_ref idref="fl-13"/>
      </object_component>
      <object_component id="oc-1ae">
         <name>.debug_info</name>
         <load_address>0xba0f</load_address>
         <run_address>0xba0f</run_address>
         <size>0x37d</size>
         <input_file_ref idref="fl-14"/>
      </object_component>
      <object_component id="oc-1af">
         <name>.debug_info</name>
         <load_address>0xbd8c</load_address>
         <run_address>0xbd8c</run_address>
         <size>0x90</size>
         <input_file_ref idref="fl-13"/>
      </object_component>
      <object_component id="oc-1b5">
         <name>.debug_info</name>
         <load_address>0xbe1c</load_address>
         <run_address>0xbe1c</run_address>
         <size>0xa5</size>
         <input_file_ref idref="fl-14d"/>
      </object_component>
      <object_component id="oc-1b7">
         <name>.debug_info</name>
         <load_address>0xbec1</load_address>
         <run_address>0xbec1</run_address>
         <size>0xca</size>
         <input_file_ref idref="fl-14d"/>
      </object_component>
      <object_component id="oc-1bb">
         <name>.debug_info</name>
         <load_address>0xbf8b</load_address>
         <run_address>0xbf8b</run_address>
         <size>0x114</size>
         <input_file_ref idref="fl-7"/>
      </object_component>
      <object_component id="oc-1bd">
         <name>.debug_info</name>
         <load_address>0xc09f</load_address>
         <run_address>0xc09f</run_address>
         <size>0x413</size>
         <input_file_ref idref="fl-7"/>
      </object_component>
      <object_component id="oc-1c1">
         <name>.debug_info</name>
         <load_address>0xc4b2</load_address>
         <run_address>0xc4b2</run_address>
         <size>0x3e6</size>
         <input_file_ref idref="fl-14"/>
      </object_component>
      <object_component id="oc-1c6">
         <name>.debug_info</name>
         <load_address>0xc898</load_address>
         <run_address>0xc898</run_address>
         <size>0x47d</size>
         <input_file_ref idref="fl-14"/>
      </object_component>
      <object_component id="oc-1cc">
         <name>.debug_info</name>
         <load_address>0xcd15</load_address>
         <run_address>0xcd15</run_address>
         <size>0x14e</size>
         <input_file_ref idref="fl-6"/>
      </object_component>
      <object_component id="oc-1d4">
         <name>.debug_info</name>
         <load_address>0xce63</load_address>
         <run_address>0xce63</run_address>
         <size>0x10e</size>
         <input_file_ref idref="fl-7"/>
      </object_component>
      <object_component id="oc-1d6">
         <name>.debug_info</name>
         <load_address>0xcf71</load_address>
         <run_address>0xcf71</run_address>
         <size>0x266</size>
         <input_file_ref idref="fl-15"/>
      </object_component>
      <object_component id="oc-1db">
         <name>.debug_info</name>
         <load_address>0xd1d7</load_address>
         <run_address>0xd1d7</run_address>
         <size>0xff</size>
         <input_file_ref idref="fl-13"/>
      </object_component>
      <object_component id="oc-1e0">
         <name>.debug_info</name>
         <load_address>0xd2d6</load_address>
         <run_address>0xd2d6</run_address>
         <size>0x1f9</size>
         <input_file_ref idref="fl-14"/>
      </object_component>
      <object_component id="oc-1e6">
         <name>.debug_info</name>
         <load_address>0xd4cf</load_address>
         <run_address>0xd4cf</run_address>
         <size>0xc6</size>
         <input_file_ref idref="fl-14"/>
      </object_component>
      <object_component id="oc-1f2">
         <name>.debug_info</name>
         <load_address>0xd595</load_address>
         <run_address>0xd595</run_address>
         <size>0x22d</size>
         <input_file_ref idref="fl-1a"/>
      </object_component>
      <object_component id="oc-1f8">
         <name>.debug_info</name>
         <load_address>0xd7c2</load_address>
         <run_address>0xd7c2</run_address>
         <size>0xea</size>
         <input_file_ref idref="fl-6"/>
      </object_component>
      <object_component id="oc-202">
         <name>.debug_info</name>
         <load_address>0xd8ac</load_address>
         <run_address>0xd8ac</run_address>
         <size>0x13a</size>
         <input_file_ref idref="fl-163"/>
      </object_component>
      <object_component id="oc-206">
         <name>.debug_info</name>
         <load_address>0xd9e6</load_address>
         <run_address>0xd9e6</run_address>
         <size>0xd5</size>
         <input_file_ref idref="fl-15e"/>
      </object_component>
      <object_component id="oc-209">
         <name>.debug_info</name>
         <load_address>0xdabb</load_address>
         <run_address>0xdabb</run_address>
         <size>0x153</size>
         <input_file_ref idref="fl-162"/>
      </object_component>
      <object_component id="oc-20f">
         <name>.debug_info</name>
         <load_address>0xdc0e</load_address>
         <run_address>0xdc0e</run_address>
         <size>0xdb</size>
         <input_file_ref idref="fl-159"/>
      </object_component>
      <object_component id="oc-212">
         <name>.debug_info</name>
         <load_address>0xdce9</load_address>
         <run_address>0xdce9</run_address>
         <size>0xed</size>
         <input_file_ref idref="fl-15b"/>
      </object_component>
      <object_component id="oc-216">
         <name>.debug_info</name>
         <load_address>0xddd6</load_address>
         <run_address>0xddd6</run_address>
         <size>0xed</size>
         <input_file_ref idref="fl-15a"/>
      </object_component>
      <object_component id="oc-21a">
         <name>.debug_info</name>
         <load_address>0xdec3</load_address>
         <run_address>0xdec3</run_address>
         <size>0xdd</size>
         <input_file_ref idref="fl-159"/>
      </object_component>
      <object_component id="oc-21f">
         <name>.debug_info</name>
         <load_address>0xdfa0</load_address>
         <run_address>0xdfa0</run_address>
         <size>0xe1</size>
         <input_file_ref idref="fl-15c"/>
      </object_component>
      <object_component id="oc-224">
         <name>.debug_info</name>
         <load_address>0xe081</load_address>
         <run_address>0xe081</run_address>
         <size>0x177</size>
         <input_file_ref idref="fl-15f"/>
      </object_component>
      <object_component id="oc-227">
         <name>.debug_info</name>
         <load_address>0xe1f8</load_address>
         <run_address>0xe1f8</run_address>
         <size>0xdf</size>
         <input_file_ref idref="fl-15d"/>
      </object_component>
      <object_component id="oc-22c">
         <name>.debug_info</name>
         <load_address>0xe2d7</load_address>
         <run_address>0xe2d7</run_address>
         <size>0xff</size>
         <input_file_ref idref="fl-158"/>
      </object_component>
      <object_component id="oc-231">
         <name>.debug_info</name>
         <load_address>0xe3d6</load_address>
         <run_address>0xe3d6</run_address>
         <size>0xfc</size>
         <input_file_ref idref="fl-161"/>
      </object_component>
      <object_component id="oc-234">
         <name>.debug_info</name>
         <load_address>0xe4d2</load_address>
         <run_address>0xe4d2</run_address>
         <size>0x111</size>
         <input_file_ref idref="fl-164"/>
      </object_component>
      <object_component id="oc-239">
         <name>.debug_info</name>
         <load_address>0xe5e3</load_address>
         <run_address>0xe5e3</run_address>
         <size>0x160</size>
         <input_file_ref idref="fl-160"/>
      </object_component>
      <object_component id="oc-23d">
         <name>.debug_info</name>
         <load_address>0xe743</load_address>
         <run_address>0xe743</run_address>
         <size>0x126</size>
         <input_file_ref idref="fl-154"/>
      </object_component>
      <object_component id="oc-242">
         <name>.debug_info</name>
         <load_address>0xe869</load_address>
         <run_address>0xe869</run_address>
         <size>0x26b</size>
         <input_file_ref idref="fl-152"/>
      </object_component>
      <object_component id="oc-243">
         <name>.debug_info</name>
         <load_address>0xead4</load_address>
         <run_address>0xead4</run_address>
         <size>0x86</size>
         <input_file_ref idref="fl-152"/>
      </object_component>
      <object_component id="oc-248">
         <name>.debug_info</name>
         <load_address>0xeb5a</load_address>
         <run_address>0xeb5a</run_address>
         <size>0x39</size>
         <input_file_ref idref="fl-152"/>
      </object_component>
      <object_component id="oc-24f">
         <name>.debug_info</name>
         <load_address>0xeb93</load_address>
         <run_address>0xeb93</run_address>
         <size>0x2c</size>
         <input_file_ref idref="fl-14e"/>
      </object_component>
      <object_component id="oc-254">
         <name>.debug_info</name>
         <load_address>0xebbf</load_address>
         <run_address>0xebbf</run_address>
         <size>0x140</size>
         <input_file_ref idref="fl-2"/>
      </object_component>
      <object_component id="oc-25a">
         <name>.debug_info</name>
         <load_address>0xecff</load_address>
         <run_address>0xecff</run_address>
         <size>0x6bd</size>
         <input_file_ref idref="fl-13"/>
      </object_component>
      <object_component id="oc-25f">
         <name>.debug_info</name>
         <load_address>0xf3bc</load_address>
         <run_address>0xf3bc</run_address>
         <size>0xa8</size>
[...]
      </symbol>
      <symbol id="sm-10f">
         <name>isGameOver</name>
         <value>0x20000718</value>
         <object_component_ref idref="oc-150"/>
      </symbol>
      <symbol id="sm-110">
         <name>numArray</name>
         <value>0x20000704</value>
         <object_component_ref idref="oc-150"/>
      </symbol>
      <symbol id="sm-111">
         <name>g_sTitle</name>
         <value>0x20000694</value>
         <object_component_ref idref="oc-162"/>
      </symbol>
      <symbol id="sm-112">
         <name>lowPress</name>
         <value>0x2833</value>
         <object_component_ref idref="oc-c3"/>
      </symbol>
      <symbol id="sm-113">
         <name>randomNum</name>
         <value>0x28c1</value>
         <object_component_ref idref="oc-c3"/>
      </symbol>
      <symbol id="sm-114">
         <name>main</name>
         <value>0x28e7</value>
         <object_component_ref idref="oc-c3"/>
      </symbol>
      <symbol id="sm-115">
         <name>g_sLow</name>
         <value>0x200005f4</value>
         <object_component_ref idref="oc-15a"/>
      </symbol>
      <symbol id="sm-116">
         <name>g_scurrNum</name>
         <value>0x20000644</value>
         <object_component_ref idref="oc-154"/>
      </symbol>
      <symbol id="sm-117">
         <name>highPress</name>
         <value>0x27a5</value>
         <object_component_ref idref="oc-c3"/>
      </symbol>
      <symbol id="sm-118">
         <name>g_sHigh</name>
         <value>0x200005a4</value>
         <object_component_ref idref="oc-158"/>
      </symbol>
      <symbol id="sm-17e">
         <name>WriteData</name>
         <value>0x2000071c</value>
         <object_component_ref idref="oc-1ba"/>
      </symbol>
      <symbol id="sm-17f">
         <name>Kentec320x240x16_SSD2119Init</name>
         <value>0x12ad</value>
         <object_component_ref idref="oc-13f"/>
      </symbol>
      <symbol id="sm-180">
         <name>g_sKentec320x240x16_SSD2119</name>
         <value>0x54cc</value>
         <object_component_ref idref="oc-1d3"/>
      </symbol>
      <symbol id="sm-181">
         <name>LED_OFF</name>
         <value>0x1113</value>
         <object_component_ref idref="oc-13f"/>
      </symbol>
      <symbol id="sm-182">
         <name>LED_ON</name>
         <value>0x10f9</value>
         <object_component_ref idref="oc-13f"/>
      </symbol>
      <symbol id="sm-183">
         <name>WriteCommand</name>
         <value>0x20000720</value>
         <object_component_ref idref="oc-1ba"/>
      </symbol>
      <symbol id="sm-1bb">
         <name>TimerLoadSet</name>
         <value>0x47dd</value>
         <object_component_ref idref="oc-9e"/>
      </symbol>
      <symbol id="sm-1bc">
         <name>TimerEnable</name>
         <value>0x483f</value>
         <object_component_ref idref="oc-a8"/>
      </symbol>
      <symbol id="sm-1bd">
         <name>TimerControlTrigger</name>
         <value>0x4115</value>
         <object_component_ref idref="oc-a3"/>
      </symbol>
      <symbol id="sm-1be">
         <name>TimerConfigure</name>
         <value>0x405d</value>
         <object_component_ref idref="oc-94"/>
      </symbol>
      <symbol id="sm-215">
         <name>SysCtlClockSet</name>
         <value>0x34f1</value>
         <object_component_ref idref="oc-13a"/>
      </symbol>
      <symbol id="sm-216">
         <name>SysCtlDelay</name>
         <value>0x487b</value>
         <object_component_ref idref="oc-1b8"/>
      </symbol>
      <symbol id="sm-217">
         <name>SysCtlPeripheralEnable</name>
         <value>0x4509</value>
         <object_component_ref idref="oc-67"/>
      </symbol>
      <symbol id="sm-218">
         <name>SysCtlClockGet</name>
         <value>0x32dd</value>
         <object_component_ref idref="oc-99"/>
      </symbol>
      <symbol id="sm-23c">
         <name>IntEnable</name>
         <value>0x3ee1</value>
         <object_component_ref idref="oc-85"/>
      </symbol>
      <symbol id="sm-265">
         <name>GPIOPinTypeGPIOOutput</name>
         <value>0x4721</value>
         <object_component_ref idref="oc-8a"/>
      </symbol>
      <symbol id="sm-266">
         <name>GPIODirModeSet</name>
         <value>0x456b</value>
         <object_component_ref idref="oc-112"/>
      </symbol>
      <symbol id="sm-267">
         <name>GPIOPinWrite</name>
         <value>0x486f</value>
         <object_component_ref idref="oc-8f"/>
      </symbol>
      <symbol id="sm-268">
         <name>GPIOPadConfigSet</name>
         <value>0x31ab</value>
         <object_component_ref idref="oc-10d"/>
      </symbol>
      <symbol id="sm-299">
         <name>ADCSequenceEnable</name>
         <value>0x4823</value>
         <object_component_ref idref="oc-7b"/>
      </symbol>
      <symbol id="sm-29a">
         <name>ADCSequenceConfigure</name>
         <value>0x4491</value>
         <object_component_ref idref="oc-71"/>
      </symbol>
      <symbol id="sm-29b">
         <name>ADCIntEnable</name>
         <value>0x4813</value>
         <object_component_ref idref="oc-80"/>
      </symbol>
      <symbol id="sm-29c">
         <name>ADCSequenceStepConfigure</name>
         <value>0x3aef</value>
         <object_component_ref idref="oc-76"/>
      </symbol>
      <symbol id="sm-29d">
         <name>ADCHardwareOversampleConfigure</name>
         <value>0x47b9</value>
         <object_component_ref idref="oc-6c"/>
      </symbol>
      <symbol id="sm-2bc">
         <name>g_sFontCm20</name>
         <value>0x52f0</value>
         <object_component_ref idref="oc-1da"/>
      </symbol>
      <symbol id="sm-38e">
         <name>g_sRoot</name>
         <value>0x200006d4</value>
         <object_component_ref idref="oc-156"/>
      </symbol>
      <symbol id="sm-38f">
         <name>WidgetMessageQueueAdd</name>
         <value>0x35e1</value>
         <object_component_ref idref="oc-130"/>
      </symbol>
      <symbol id="sm-390">
         <name>WidgetMessageSendPostOrder</name>
         <value>0x3889</value>
         <object_component_ref idref="oc-1c4"/>
      </symbol>
      <symbol id="sm-391">
         <name>WidgetAdd</name>
         <value>0x4663</value>
         <object_component_ref idref="oc-144"/>
      </symbol>
      <symbol id="sm-392">
         <name>WidgetDefaultMsgProc</name>
         <value>0x488d</value>
         <object_component_ref idref="oc-1df"/>
      </symbol>
      <symbol id="sm-393">
         <name>WidgetMutexPut</name>
         <value>0x4881</value>
         <object_component_ref idref="oc-1a1"/>
      </symbol>
      <symbol id="sm-394">
         <name>WidgetMessageQueueProcess</name>
         <value>0x3e19</value>
         <object_component_ref idref="oc-149"/>
      </symbol>
      <symbol id="sm-395">
         <name>WidgetMutexGet</name>
         <value>0x477d</value>
         <object_component_ref idref="oc-1a0"/>
      </symbol>
      <symbol id="sm-396">
         <name>WidgetPointerMessage</name>
         <value>0x46e9</value>
         <object_component_ref idref="oc-15c"/>
      </symbol>
      <symbol id="sm-397">
         <name>WidgetMessageSendPreOrder</name>
         <value>0x416d</value>
         <object_component_ref idref="oc-1bf"/>
      </symbol>
      <symbol id="sm-3d1">
         <name>RectangularButtonMsgProc</name>
         <value>0x46a9</value>
         <object_component_ref idref="oc-1d5"/>
      </symbol>
      <symbol id="sm-4bb">
         <name>GrImageDraw</name>
         <value>0x4831</value>
         <object_component_ref idref="oc-2d0"/>
      </symbol>
      <symbol id="sm-4e6">
         <name>GrContextInit</name>
         <value>0x3db5</value>
         <object_component_ref idref="oc-2bc"/>
      </symbol>
      <symbol id="sm-4e7">
         <name>GrContextClipRegionSet</name>
         <value>0x3e7d</value>
         <object_component_ref idref="oc-2c1"/>
      </symbol>
      <symbol id="sm-4e8">
         <name>g_psDefaultCodePointMapTable</name>
         <value>0x5514</value>
         <object_component_ref idref="oc-31a"/>
      </symbol>
      <symbol id="sm-4f5">
         <name>GrMapISO8859_1_Unicode</name>
         <value>0x4867</value>
         <object_component_ref idref="oc-359"/>
      </symbol>
      <symbol id="sm-519">
         <name>CanvasMsgProc</name>
         <value>0x4769</value>
         <object_component_ref idref="oc-1f1"/>
      </symbol>
      <symbol id="sm-63e">
         <name>GrFontInfoGet</name>
         <value>0x463d</value>
         <object_component_ref idref="oc-346"/>
      </symbol>
      <symbol id="sm-63f">
         <name>GrDefaultStringRenderer</name>
         <value>0x37bd</value>
         <object_component_ref idref="oc-315"/>
      </symbol>
      <symbol id="sm-640">
         <name>GrFontGlyphRender</name>
         <value>0x253f</value>
         <object_component_ref idref="oc-353"/>
      </symbol>
      <symbol id="sm-641">
         <name>GrFontHeightGet</name>
         <value>0x45bf</value>
         <object_component_ref idref="oc-2fb"/>
      </symbol>
      <symbol id="sm-642">
         <name>GrContextFontSet</name>
         <value>0x4875</value>
         <object_component_ref idref="oc-2d5"/>
      </symbol>
      <symbol id="sm-643">
         <name>GrFontGlyphDataGet</name>
         <value>0x4687</value>
         <object_component_ref idref="oc-341"/>
      </symbol>
      <symbol id="sm-644">
         <name>GrStringDraw</name>
         <value>0x47cb</value>
         <object_component_ref idref="oc-2e4"/>
      </symbol>
      <symbol id="sm-645">
         <name>GrFontCodepageGet</name>
         <value>0x46cb</value>
         <object_component_ref idref="oc-373"/>
      </symbol>
      <symbol id="sm-646">
         <name>GrStringNextCharGet</name>
         <value>0x45e9</value>
         <object_component_ref idref="oc-33c"/>
      </symbol>
      <symbol id="sm-647">
         <name>GrStringWidthGet</name>
         <value>0x3ce3</value>
         <object_component_ref idref="oc-2da"/>
      </symbol>
      <symbol id="sm-648">
         <name>GrFontBaselineGet</name>
         <value>0x4595</value>
         <object_component_ref idref="oc-2df"/>
      </symbol>
      <symbol id="sm-65d">
         <name>GrRectFill</name>
         <value>0x3a69</value>
         <object_component_ref idref="oc-2c6"/>
      </symbol>
      <symbol id="sm-65e">
         <name>GrRectDraw</name>
         <value>0x3d4d</value>
         <object_component_ref idref="oc-2cb"/>
      </symbol>
      <symbol id="sm-675">
         <name>GrLineDrawH</name>
         <value>0x4339</value>
         <object_component_ref idref="oc-323"/>
      </symbol>
      <symbol id="sm-676">
         <name>GrLineDrawV</name>
         <value>0x437f</value>
         <object_component_ref idref="oc-328"/>
      </symbol>
      <symbol id="sm-685">
         <name>_c_int00</name>
         <value>0x42a9</value>
         <object_component_ref idref="oc-10"/>
      </symbol>
      <symbol id="sm-686">
         <name>__stack</name>
         <value>0x20000000</value>
         <object_component_ref idref="oc-23"/>
      </symbol>
      <symbol id="sm-69c">
         <name>__TI_decompress_none</name>
         <value>0x484d</value>
         <object_component_ref idref="oc-14"/>
      </symbol>
      <symbol id="sm-6be">
         <name>__TI_decompress_rle24</name>
         <value>0x4887</value>
         <object_component_ref idref="oc-1e"/>
      </symbol>
      <symbol id="sm-6d6">
         <name>__TI_zero_init</name>
         <value>0x47ef</value>
         <object_component_ref idref="oc-19"/>
      </symbol>
      <symbol id="sm-6f2">
         <name>C$$EXIT</name>
         <value>0x4409</value>
         <object_component_ref idref="oc-3a"/>
      </symbol>
      <symbol id="sm-6f3">
         <name>abort</name>
         <value>0x440d</value>
         <object_component_ref idref="oc-3a"/>
      </symbol>
      <symbol id="sm-6f4">
         <name>exit</name>
         <value>0x4415</value>
         <object_component_ref idref="oc-3a"/>
      </symbol>
      <symbol id="sm-6f5">
         <name>__TI_dtors_ptr</name>
         <value>0x20000730</value>
         <object_component_ref idref="oc-d1"/>
      </symbol>
      <symbol id="sm-6f6">
         <name>__TI_cleanup_ptr</name>
         <value>0x2000072c</value>
         <object_component_ref idref="oc-d1"/>
      </symbol>
      <symbol id="sm-710">
         <name>memcpy</name>
         <value>0x3939</value>
         <object_component_ref idref="oc-42"/>
      </symbol>
      <symbol id="sm-711">
         <name>__aeabi_memcpy</name>
         <value>0x3939</value>
         <object_component_ref idref="oc-42"/>
      </symbol>
      <symbol id="sm-712">
         <name>__aeabi_memcpy8</name>
         <value>0x3939</value>
         <object_component_ref idref="oc-42"/>
      </symbol>
      <symbol id="sm-713">
         <name>__aeabi_memcpy4</name>
         <value>0x3939</value>
         <object_component_ref idref="oc-42"/>
      </symbol>
      <symbol id="sm-72b">
         <name>rand</name>
         <value>0x4227</value>
         <object_component_ref idref="oc-135"/>
      </symbol>
      <symbol id="sm-72c">
         <name>srand</name>
         <value>0x4211</value>
         <object_component_ref idref="oc-135"/>
      </symbol>
      <symbol id="sm-744">
         <name>sprintf</name>
         <value>0x3f41</value>
         <object_component_ref idref="oc-12b"/>
      </symbol>
      <symbol id="sm-74b">
         <name>main_func_sp</name>
         <value>0x20000738</value>
         <object_component_ref idref="oc-3f"/>
      </symbol>
      <symbol id="sm-762">
         <name>_nop</name>
         <value>0x479f</value>
         <object_component_ref idref="oc-16c"/>
      </symbol>
      <symbol id="sm-763">
         <name>_lock</name>
         <value>0x20000724</value>
         <object_component_ref idref="oc-cf"/>
      </symbol>
      <symbol id="sm-764">
         <name>_unlock</name>
         <value>0x20000728</value>
         <object_component_ref idref="oc-cf"/>
      </symbol>
      <symbol id="sm-765">
         <name>_register_lock</name>
         <value>0x4797</value>
         <object_component_ref idref="oc-16c"/>
      </symbol>
      <symbol id="sm-766">
         <name>_register_unlock</name>
         <value>0x4791</value>
         <object_component_ref idref="oc-16c"/>
      </symbol>
      <symbol id="sm-84e">
         <name>__TI_printfi</name>
         <value>0xdef</value>
         <object_component_ref idref="oc-194"/>
      </symbol>
      <symbol id="sm-861">
         <name>_args_main</name>
         <value>0x4739</value>
         <object_component_ref idref="oc-35"/>
      </symbol>
      <symbol id="sm-876">
         <name>atoi</name>
         <value>0x41c5</value>
         <object_component_ref idref="oc-23c"/>
      </symbol>
      <symbol id="sm-892">
         <name>__TI_auto_init</name>
         <value>0x39d5</value>
         <object_component_ref idref="oc-31"/>
      </symbol>
      <symbol id="sm-8aa">
         <name>copy_in</name>
         <value>0x43c5</value>
         <object_component_ref idref="oc-bd"/>
      </symbol>
      <symbol id="sm-8b4">
         <name>_ctypes_</name>
         <value>0x51ee</value>
         <object_component_ref idref="oc-2a9"/>
      </symbol>
      <symbol id="sm-8ca">
         <name>__aeabi_dsub</name>
         <value>0x2bc9</value>
         <object_component_ref idref="oc-22a"/>
      </symbol>
      <symbol id="sm-8cb">
         <name>__aeabi_dadd</name>
         <value>0x2bd3</value>
         <object_component_ref idref="oc-22a"/>
      </symbol>
      <symbol id="sm-8eb">
         <name>__aeabi_cdcmpeq</name>
         <value>0x3b6f</value>
         <object_component_ref idref="oc-20d"/>
      </symbol>
      <symbol id="sm-8ec">
         <name>__aeabi_cdcmple</name>
         <value>0x3b6f</value>
         <object_component_ref idref="oc-20d"/>
      </symbol>
      <symbol id="sm-8ed">
         <name>__aeabi_cdrcmple</name>
         <value>0x3bed</value>
         <object_component_ref idref="oc-219"/>
      </symbol>
      <symbol id="sm-900">
         <name>__aeabi_ddiv</name>
         <value>0x3075</value>
         <object_component_ref idref="oc-215"/>
      </symbol>
      <symbol id="sm-90a">
         <name>__aeabi_dmul</name>
         <value>0x33f5</value>
         <object_component_ref idref="oc-211"/>
      </symbol>
      <symbol id="sm-913">
         <name>__aeabi_d2iz</name>
         <value>0x42f1</value>
         <object_component_ref idref="oc-21d"/>
      </symbol>
      <symbol id="sm-91c">
         <name>__aeabi_i2d</name>
         <value>0x453d</value>
         <object_component_ref idref="oc-226"/>
      </symbol>
      <symbol id="sm-924">
         <name>__aeabi_lmul</name>
         <value>0x4751</value>
         <object_component_ref idref="oc-204"/>
      </symbol>
      <symbol id="sm-932">
         <name>ltoa</name>
         <value>0x40b9</value>
         <object_component_ref idref="oc-221"/>
      </symbol>
      <symbol id="sm-941">
         <name>memccpy</name>
         <value>0x4705</value>
         <object_component_ref idref="oc-237"/>
      </symbol>
      <symbol id="sm-94f">
         <name>__aeabi_memset</name>
         <value>0x3c6d</value>
         <object_component_ref idref="oc-22e"/>
      </symbol>
      <symbol id="sm-950">
         <name>memset</name>
         <value>0x3c73</value>
         <object_component_ref idref="oc-22e"/>
      </symbol>
      <symbol id="sm-951">
         <name>__aeabi_memset8</name>
         <value>0x3c6d</value>
         <object_component_ref idref="oc-22e"/>
      </symbol>
      <symbol id="sm-952">
         <name>__aeabi_memset4</name>
         <value>0x3c6d</value>
         <object_component_ref idref="oc-22e"/>
      </symbol>
      <symbol id="sm-953">
         <name>__aeabi_memclr8</name>
         <value>0x3c6b</value>
         <object_component_ref idref="oc-22e"/>
      </symbol>
      <symbol id="sm-954">
         <name>__aeabi_memclr4</name>
         <value>0x3c6b</value>
         <object_component_ref idref="oc-22e"/>
      </symbol>
      <symbol id="sm-955">
         <name>__aeabi_memclr</name>
         <value>0x3c6b</value>
         <object_component_ref idref="oc-22e"/>
      </symbol>
      <symbol id="sm-962">
         <name>strlen</name>
         <value>0x47a5</value>
         <object_component_ref idref="oc-208"/>
      </symbol>
      <symbol id="sm-97d">
         <name>__aeabi_uldivmod</name>
         <value>0x29d5</value>
         <object_component_ref idref="oc-200"/>
      </symbol>
      <symbol id="sm-986">
         <name>_Dclass</name>
         <value>0x4801</value>
         <object_component_ref idref="oc-232"/>
      </symbol>
      <symbol id="sm-997">
         <name>_Dtest</name>
         <value>0x444d</value>
         <object_component_ref idref="oc-2a1"/>
      </symbol>
      <symbol id="sm-998">
         <name>__TI_static_base__</name>
         <value>0x0</value>
      </symbol>
      <symbol id="sm-999">
         <name>__TI_args_main</name>
         <value>0x1</value>
      </symbol>
      <symbol id="sm-99a">
         <name>SHT$$INIT_ARRAY$$Limit</name>
         <value>0x0</value>
      </symbol>
      <symbol id="sm-99b">
         <name>SHT$$INIT_ARRAY$$Base</name>
         <value>0x0</value>
      </symbol>
   </symbol_table>
   <title>Link successful</title>
</link_info>
